2026-10-08 10:23:22+00:00 [Warn] [Entrypoint]: /sys/fs/cgroup///memory.pressure not writable, functionality unavailable to MariaDB
2026-10-08 10:23:23 0 [Warning] mariadbd: io_uring_queue_init() failed with ENOMEM: try larger memory locked limit, ulimit -l, or https://mariadb.com/docs/server/server-management/starting-and-stopping-mariadb/systemd#configuring-limitmemlock under systemd (262144 bytes required)
create_uring failed: falling back to libaio
2026-10-08 10:23:24 0 [Note] Starting MariaDB 11.4.13-MariaDB-ubu2404 source revision 170b1d70737be6f134448f51713cdc1ae215b420 server_uid kHDchnVZSkxlm6ySc12huKSFRik= as process 93
2026-10-08 10:23:24 0 [Note] InnoDB: Compressed tables use zlib 1.3
2026-10-08 10:23:24 0 [Note] InnoDB: Using transactional memory
2026-10-08 10:23:24 0 [Note] InnoDB: Number of transaction pools: 1
2026-10-08 10:23:24 0 [Note] InnoDB: Using crc32 + pclmulqdq instructions
2026-10-08 10:23:24 0 [Note] mariadbd: O_TMPFILE is not supported on /tmp (disabling future attempts)
2026-10-08 10:23:24 0 [Warning] mariadbd: io_uring_queue_init() failed with ENOMEM: try larger memory locked limit, ulimit -l, or https://mariadb.com/docs/server/server-management/starting-and-stopping-mariadb/systemd#configuring-limitmemlock under systemd (262144 bytes required)
create_uring failed: falling back to libaio
2026-10-08 10:23:24 0 [Note] InnoDB: Using Linux native AIO
2026-10-08 10:23:24 0 [Note] InnoDB: innodb_buffer_pool_size_max=8388614m, innodb_buffer_pool_size=128m
2026-10-08 10:23:24 0 [Note] InnoDB: Completed initialization of buffer pool
2026-10-08 10:23:24 0 [Note] InnoDB: File system buffers for log disabled (block size=4096 bytes)
2026-10-08 10:23:24 0 [Note] InnoDB: End of log at LSN=45093
2026-10-08 10:23:24 0 [Note] InnoDB: Opened 3 undo tablespaces
2026-10-08 10:23:24 0 [Note] InnoDB: 128 rollback segments in 3 undo tablespaces are active.
2026-10-08 10:23:24 0 [Note] InnoDB: Setting file './ibtmp1' size to 12.000MiB. Physically writing the file full; Please wait ...
2026-10-08 10:23:24 0 [Note] InnoDB: File './ibtmp1' size is now 12.000MiB.
2026-10-08 10:23:24 0 [Note] InnoDB: log sequence number 45093; transaction id 14
2026-10-08 10:23:24 0 [Note] Plugin 'FEEDBACK' is disabled.
2026-10-08 10:23:24 0 [Note] Plugin 'wsrep-provider' is disabled.
2026-10-08 10:23:31 0 [Note] mariadbd: Event Scheduler: Loaded 0 events
2026-10-08 10:23:31 0 [Note] mariadbd: ready for connections.
Version: '11.4.13-MariaDB-ubu2404'  socket: '/run/mysqld/mysqld.sock'  port: 0  mariadb.org binary distribution
2026-10-08 10:23:32 0 [Note] mariadbd (initiated by: unknown): Normal shutdown
2026-10-08 10:23:32 0 [Note] InnoDB: FTS optimize thread exiting.
2026-10-08 10:23:32 0 [Note] InnoDB: Starting shutdown...
2026-10-08 10:23:32 0 [Note] InnoDB: Dumping buffer pool(s) to /var/lib/mysql/ib_buffer_pool
2026-10-08 10:23:32 0 [Note] InnoDB: Buffer pool(s) dump completed at 261008 10:23:32
2026-10-08 10:23:33 0 [Note] InnoDB: Removed temporary tablespace data file: "./ibtmp1"
2026-10-08 10:23:33 0 [Note] Shutdown completed; log sequence number 45450; transaction id 15
2026-10-08 10:23:33 0 [Note] mariadbd: Shutdown complete
2026-10-08 10:23:33 0 [Note] Starting MariaDB 11.4.13-MariaDB-ubu2404 source revision 170b1d70737be6f134448f51713cdc1ae215b420 server_uid kHDchnVZSkxlm6ySc12huKSFRik= as process 1
2026-10-08 10:23:33 0 [Note] InnoDB: Compressed tables use zlib 1.3
2026-10-08 10:23:33 0 [Note] InnoDB: Using transactional memory
2026-10-08 10:23:33 0 [Note] InnoDB: Number of transaction pools: 1
2026-10-08 10:23:33 0 [Note] InnoDB: Using crc32 + pclmulqdq instructions
2026-10-08 10:23:33 0 [Note] mariadbd: O_TMPFILE is not supported on /tmp (disabling future attempts)
2026-10-08 10:23:33 0 [Warning] mariadbd: io_uring_queue_init() failed with ENOMEM: try larger memory locked limit, ulimit -l, or https://mariadb.com/docs/server/server-management/starting-and-stopping-mariadb/systemd#configuring-limitmemlock under systemd (262144 bytes required)
create_uring failed: falling back to libaio
2026-10-08 10:23:33 0 [Note] InnoDB: Using Linux native AIO
2026-10-08 10:23:33 0 [Note] InnoDB: innodb_buffer_pool_size_max=8388614m, innodb_buffer_pool_size=128m
2026-10-08 10:23:33 0 [Note] InnoDB: Completed initialization of buffer pool
2026-10-08 10:23:33 0 [Note] InnoDB: File system buffers for log disabled (block size=4096 bytes)
2026-10-08 10:23:33 0 [Note] InnoDB: End of log at LSN=45450
2026-10-08 10:23:33 0 [Note] InnoDB: Opened 3 undo tablespaces
2026-10-08 10:23:33 0 [Note] InnoDB: 128 rollback segments in 3 undo tablespaces are active.
2026-10-08 10:23:33 0 [Note] InnoDB: Setting file './ibtmp1' size to 12.000MiB. Physically writing the file full; Please wait ...
2026-10-08 10:23:33 0 [Note] InnoDB: File './ibtmp1' size is now 12.000MiB.
2026-10-08 10:23:33 0 [Note] InnoDB: log sequence number 45450; transaction id 15
2026-10-08 10:23:33 0 [Note] InnoDB: Loading buffer pool(s) from /var/lib/mysql/ib_buffer_pool
2026-10-08 10:23:33 0 [Note] Plugin 'FEEDBACK' is disabled.
2026-10-08 10:23:33 0 [Note] Plugin 'wsrep-provider' is disabled.
2026-10-08 10:23:33 0 [Note] InnoDB: Buffer pool(s) load completed at 261008 10:23:33
2026-10-08 10:23:39 0 [Note] Server socket created on IP: '0.0.0.0', port: '3306'.
2026-10-08 10:23:39 0 [Note] Server socket created on IP: '::', port: '3306'.
2026-10-08 10:23:39 0 [Note] mariadbd: Event Scheduler: Loaded 0 events
2026-10-08 10:23:39 0 [Note] mariadbd: ready for connections.
Version: '11.4.13-MariaDB-ubu2404'  socket: '/run/mysqld/mysqld.sock'  port: 3306  mariadb.org binary distribution
2026-10-08 10:23:44 7 [Warning] Access denied for user 'root'@'127.0.0.1' (using password: YES)
2026-10-08 10:23:44 8 [Warning] Access denied for user 'app'@'127.0.0.1' (using password: YES)
2026-10-08 10:23:45 9 [Warning] Access denied for user 'nosuchuser'@'127.0.0.1' (using password: YES)
2026-10-08 10:23:45 10 [Warning] Access denied for user 'app'@'%' to database 'mysql'
2026-10-08 10:23:50 12 [Warning] Aborted connection 12 to db: 'unconnected' user: 'unauthenticated' host: '127.0.0.1' (This connection closed normally without authentication)
2026-10-08 10:23:51 11 [Warning] Aborted connection 11 to db: 'unconnected' user: 'root' host: '127.0.0.1' (Got an error reading communication packets)
2026-10-08 10:23:59 0 [Note] mariadbd (initiated by: unknown): Normal shutdown
2026-10-08 10:23:59 0 [Note] InnoDB: FTS optimize thread exiting.
2026-10-08 10:23:59 0 [Note] InnoDB: Starting shutdown...
2026-10-08 10:23:59 0 [Note] InnoDB: Dumping buffer pool(s) to /var/lib/mysql/ib_buffer_pool
2026-10-08 10:23:59 0 [Note] InnoDB: Buffer pool(s) dump completed at 261008 10:23:59
2026-10-08 10:23:59 0 [Note] InnoDB: Removed temporary tablespace data file: "./ibtmp1"
2026-10-08 10:23:59 0 [Note] Shutdown completed; log sequence number 49087; transaction id 24
2026-10-08 10:23:59 0 [Note] mariadbd: Shutdown complete
2026-10-08 10:24:00+00:00 [Warn] [Entrypoint]: /sys/fs/cgroup///memory.pressure not writable, functionality unavailable to MariaDB
2026-10-08 10:24:00 0 [Note] Starting MariaDB 11.4.13-MariaDB-ubu2404 source revision 170b1d70737be6f134448f51713cdc1ae215b420 server_uid kHDchnVZSkxlm6ySc12huKSFRik= as process 1
2026-10-08 10:24:00 0 [Note] InnoDB: Compressed tables use zlib 1.3
2026-10-08 10:24:00 0 [Note] InnoDB: Using transactional memory
2026-10-08 10:24:00 0 [Note] InnoDB: Number of transaction pools: 1
2026-10-08 10:24:00 0 [Note] InnoDB: Using crc32 + pclmulqdq instructions
2026-10-08 10:24:00 0 [Note] mariadbd: O_TMPFILE is not supported on /tmp (disabling future attempts)
2026-10-08 10:24:00 0 [Warning] mariadbd: io_uring_queue_init() failed with ENOMEM: try larger memory locked limit, ulimit -l, or https://mariadb.com/docs/server/server-management/starting-and-stopping-mariadb/systemd#configuring-limitmemlock under systemd (262144 bytes required)
create_uring failed: falling back to libaio
2026-10-08 10:24:00 0 [Note] InnoDB: Using Linux native AIO
2026-10-08 10:24:00 0 [Note] InnoDB: innodb_buffer_pool_size_max=8388614m, innodb_buffer_pool_size=128m
2026-10-08 10:24:00 0 [Note] InnoDB: Completed initialization of buffer pool
2026-10-08 10:24:00 0 [Note] InnoDB: File system buffers for log disabled (block size=4096 bytes)
2026-10-08 10:24:00 0 [Note] InnoDB: End of log at LSN=49087
2026-10-08 10:24:00 0 [Note] InnoDB: Opened 3 undo tablespaces
2026-10-08 10:24:00 0 [Note] InnoDB: 128 rollback segments in 3 undo tablespaces are active.
2026-10-08 10:24:00 0 [Note] InnoDB: Setting file './ibtmp1' size to 12.000MiB. Physically writing the file full; Please wait ...
2026-10-08 10:24:00 0 [Note] InnoDB: File './ibtmp1' size is now 12.000MiB.
2026-10-08 10:24:00 0 [Note] InnoDB: log sequence number 49087; transaction id 25
2026-10-08 10:24:00 0 [Note] Plugin 'FEEDBACK' is disabled.
2026-10-08 10:24:00 0 [Note] Plugin 'wsrep-provider' is disabled.
2026-10-08 10:24:00 0 [Note] InnoDB: Loading buffer pool(s) from /var/lib/mysql/ib_buffer_pool
2026-10-08 10:24:00 0 [Note] InnoDB: Buffer pool(s) load completed at 261008 10:24:00
2026-10-08 10:24:05 0 [Note] Server socket created on IP: '0.0.0.0', port: '3306'.
2026-10-08 10:24:05 0 [Note] Server socket created on IP: '::', port: '3306'.
2026-10-08 10:24:05 0 [Note] mariadbd: Event Scheduler: Loaded 0 events
2026-10-08 10:24:05 0 [Note] mariadbd: ready for connections.
Version: '11.4.13-MariaDB-ubu2404'  socket: '/run/mysqld/mysqld.sock'  port: 3306  mariadb.org binary distribution
2026-10-08 10:24:07 4 [Warning] Access denied for user 'root'@'127.0.0.1' (using password: YES)
2026-10-08 10:24:10 0 [Note] mariadbd (initiated by: unknown): Normal shutdown
2026-10-08 10:24:10 0 [Note] InnoDB: FTS optimize thread exiting.
2026-10-08 10:24:10 0 [Note] InnoDB: Starting shutdown...
2026-10-08 10:24:10 0 [Note] InnoDB: Dumping buffer pool(s) to /var/lib/mysql/ib_buffer_pool
2026-10-08 10:24:10 0 [Note] InnoDB: Buffer pool(s) dump completed at 261008 10:24:10
2026-10-08 10:24:10 0 [Note] InnoDB: Removed temporary tablespace data file: "./ibtmp1"
2026-10-08 10:24:10 0 [Note] Shutdown completed; log sequence number 49087; transaction id 27
2026-10-08 10:24:10 0 [Note] mariadbd: Shutdown complete
