2026-10-08T10:20:05.980494Z 0 [System] [MY-015017] [Server] MySQL Server Initialization - start.
2026-10-08T10:20:05.982473Z 0 [System] [MY-013169] [Server] /usr/sbin/mysqld (mysqld 8.4.11) initializing of server in progress as process 85
2026-10-08T10:20:05.994647Z 1 [System] [MY-013576] [InnoDB] InnoDB initialization has started.
2026-10-08T10:20:07.048695Z 1 [System] [MY-013577] [InnoDB] InnoDB initialization has ended.
2026-10-08T10:20:09.168138Z 6 [Warning] [MY-010453] [Server] root@localhost is created with an empty password ! Please consider switching off the --initialize-insecure option.
2026-10-08T10:20:15.547437Z 0 [System] [MY-015018] [Server] MySQL Server Initialization - end.
2026-10-08T10:20:15.630288Z 0 [System] [MY-015015] [Server] MySQL Server - start.
2026-10-08T10:20:16.438143Z 0 [System] [MY-010116] [Server] /usr/sbin/mysqld (mysqld 8.4.11) starting as process 146
2026-10-08T10:20:16.562676Z 1 [System] [MY-013576] [InnoDB] InnoDB initialization has started.
2026-10-08T10:20:17.495951Z 1 [System] [MY-013577] [InnoDB] InnoDB initialization has ended.
2026-10-08T10:20:18.359044Z 0 [Warning] [MY-010068] [Server] CA certificate ca.pem is self signed.
2026-10-08T10:20:18.359113Z 0 [System] [MY-013602] [Server] Channel mysql_main configured to support TLS. Encrypted connections are now supported for this channel.
2026-10-08T10:20:18.368800Z 0 [Warning] [MY-011810] [Server] Insecure configuration for --pid-file: Location '/var/run/mysqld' in the path is accessible to all OS users. Consider choosing a different directory.
2026-10-08T10:20:18.442924Z 0 [System] [MY-011323] [Server] X Plugin ready for connections. Socket: /var/run/mysqld/mysqlx.sock
2026-10-08T10:20:18.443975Z 0 [System] [MY-010931] [Server] /usr/sbin/mysqld: ready for connections. Version: '8.4.11'  socket: '/var/run/mysqld/mysqld.sock'  port: 0  MySQL Community Server - GPL.
2026-10-08T10:20:27.886916Z 11 [System] [MY-013172] [Server] Received SHUTDOWN from user root. Shutting down mysqld (Version: 8.4.11).
2026-10-08T10:20:29.592466Z 0 [System] [MY-010910] [Server] /usr/sbin/mysqld: Shutdown complete (mysqld 8.4.11)  MySQL Community Server - GPL.
2026-10-08T10:20:29.592844Z 0 [System] [MY-015016] [Server] MySQL Server - end.
2026-10-08T10:20:29.951346Z 0 [System] [MY-015015] [Server] MySQL Server - start.
2026-10-08T10:20:30.352832Z 0 [System] [MY-010116] [Server] /usr/sbin/mysqld (mysqld 8.4.11) starting as process 1
2026-10-08T10:20:30.370299Z 1 [System] [MY-013576] [InnoDB] InnoDB initialization has started.
2026-10-08T10:20:32.695664Z 1 [System] [MY-013577] [InnoDB] InnoDB initialization has ended.
2026-10-08T10:20:34.655019Z 0 [Warning] [MY-010068] [Server] CA certificate ca.pem is self signed.
2026-10-08T10:20:34.655080Z 0 [System] [MY-013602] [Server] Channel mysql_main configured to support TLS. Encrypted connections are now supported for this channel.
2026-10-08T10:20:34.668221Z 0 [Warning] [MY-011810] [Server] Insecure configuration for --pid-file: Location '/var/run/mysqld' in the path is accessible to all OS users. Consider choosing a different directory.
2026-10-08T10:20:34.705826Z 0 [System] [MY-010931] [Server] /usr/sbin/mysqld: ready for connections. Version: '8.4.11'  socket: '/var/run/mysqld/mysqld.sock'  port: 3306  MySQL Community Server - GPL.
2026-10-08T10:20:34.706079Z 0 [System] [MY-011323] [Server] X Plugin ready for connections. Bind-address: '::' port: 33060, socket: /var/run/mysqld/mysqlx.sock
2026-10-08T10:20:52.001218Z 0 [System] [MY-013172] [Server] Received SHUTDOWN from user <via user signal>. Shutting down mysqld (Version: 8.4.11).
2026-10-08T10:20:52.638318Z 0 [System] [MY-010910] [Server] /usr/sbin/mysqld: Shutdown complete (mysqld 8.4.11)  MySQL Community Server - GPL.
2026-10-08T10:20:52.638528Z 0 [System] [MY-015016] [Server] MySQL Server - end.
2026-10-08T10:20:54.377639Z 0 [System] [MY-015015] [Server] MySQL Server - start.
2026-10-08T10:20:54.650291Z 0 [System] [MY-010116] [Server] /usr/sbin/mysqld (mysqld 8.4.11) starting as process 1
2026-10-08T10:20:54.655484Z 1 [System] [MY-013576] [InnoDB] InnoDB initialization has started.
2026-10-08T10:20:55.134229Z 1 [System] [MY-013577] [InnoDB] InnoDB initialization has ended.
2026-10-08T10:20:55.654332Z 0 [Warning] [MY-010068] [Server] CA certificate ca.pem is self signed.
2026-10-08T10:20:55.654529Z 0 [System] [MY-013602] [Server] Channel mysql_main configured to support TLS. Encrypted connections are now supported for this channel.
2026-10-08T10:20:55.657190Z 0 [Warning] [MY-011810] [Server] Insecure configuration for --pid-file: Location '/var/run/mysqld' in the path is accessible to all OS users. Consider choosing a different directory.
2026-10-08T10:20:55.711001Z 0 [System] [MY-011323] [Server] X Plugin ready for connections. Bind-address: '::' port: 33060, socket: /var/run/mysqld/mysqlx.sock
2026-10-08T10:20:55.711196Z 0 [System] [MY-010931] [Server] /usr/sbin/mysqld: ready for connections. Version: '8.4.11'  socket: '/var/run/mysqld/mysqld.sock'  port: 3306  MySQL Community Server - GPL.
2026-10-08T10:21:01.238125Z 0 [System] [MY-013172] [Server] Received SHUTDOWN from user <via user signal>. Shutting down mysqld (Version: 8.4.11).
2026-10-08T10:21:02.156940Z 0 [System] [MY-010910] [Server] /usr/sbin/mysqld: Shutdown complete (mysqld 8.4.11)  MySQL Community Server - GPL.
2026-10-08T10:21:02.157012Z 0 [System] [MY-015016] [Server] MySQL Server - end.
