2026-10-06 14:00:23,860 INFO  [http-nio-8080-exec-5] c.e.shop.CartController - cart 9684 updated (1 items)
2026-10-06 14:00:41,380 INFO  [http-nio-8080-exec-4] c.e.shop.CartController - cart 3569 updated (1 items)
2026-10-06 14:01:00,255 INFO  [http-nio-8080-exec-4] c.e.shop.CheckoutController - order 41670 placed in 667ms
2026-10-06 14:01:04,398 INFO  [http-nio-8080-exec-4] c.e.shop.CheckoutController - order 42983 placed in 864ms
2026-10-06 14:01:13,135 INFO  [http-nio-8080-exec-2] c.e.shop.CheckoutController - order 47288 placed in 209ms
2026-10-06 14:01:17,893 INFO  [http-nio-8080-exec-1] c.e.shop.CheckoutController - order 43530 placed in 249ms
2026-10-06 14:01:26,897 INFO  [http-nio-8080-exec-5] c.e.shop.CheckoutController - order 43258 placed in 632ms
2026-10-06 14:01:51,305 INFO  [http-nio-8080-exec-4] c.e.shop.CheckoutController - order 43225 placed in 472ms
2026-10-06 14:01:55,066 INFO  [http-nio-8080-exec-6] c.e.shop.CheckoutController - order 42387 placed in 350ms
2026-10-06 14:02:09,694 INFO  [http-nio-8080-exec-5] c.e.shop.CartController - cart 1055 updated (5 items)
2026-10-06 14:02:23,713 INFO  [http-nio-8080-exec-2] c.e.shop.CheckoutController - order 45014 placed in 572ms
2026-10-06 14:02:37,262 INFO  [http-nio-8080-exec-3] c.e.shop.CheckoutController - order 42885 placed in 138ms
2026-10-06 14:02:41,806 INFO  [http-nio-8080-exec-6] c.e.shop.CartController - cart 1296 updated (5 items)
2026-10-06 14:02:58,047 INFO  [http-nio-8080-exec-6] c.e.shop.CheckoutController - order 40148 placed in 543ms
2026-10-06 14:03:07,352 INFO  [http-nio-8080-exec-4] c.e.shop.CheckoutController - order 44031 placed in 553ms
2026-10-06 14:03:27,110 INFO  [http-nio-8080-exec-6] c.e.shop.CartController - cart 5110 updated (4 items)
2026-10-06 14:03:49,968 INFO  [http-nio-8080-exec-6] c.e.shop.CartController - cart 1600 updated (4 items)
2026-10-06 14:03:55,348 INFO  [http-nio-8080-exec-4] c.e.shop.CheckoutController - order 45941 placed in 231ms
2026-10-06 14:04:07,181 INFO  [http-nio-8080-exec-2] c.e.shop.CheckoutController - order 45190 placed in 393ms
2026-10-06 14:04:13,165 INFO  [http-nio-8080-exec-3] c.e.shop.CartController - cart 6067 updated (4 items)
2026-10-06 14:04:18,032 INFO  [http-nio-8080-exec-2] c.e.shop.CartController - cart 9741 updated (4 items)
2026-10-06 14:04:29,431 INFO  [http-nio-8080-exec-6] c.e.shop.CartController - cart 8465 updated (6 items)
2026-10-06 14:04:37,342 INFO  [http-nio-8080-exec-1] c.e.shop.CartController - cart 1536 updated (4 items)
2026-10-06 14:04:47,918 INFO  [http-nio-8080-exec-3] c.e.shop.CartController - cart 3175 updated (6 items)
2026-10-06 14:05:04,060 INFO  [http-nio-8080-exec-2] c.e.shop.CheckoutController - order 46111 placed in 232ms
2026-10-06 14:05:21,464 INFO  [http-nio-8080-exec-5] c.e.shop.CheckoutController - order 42773 placed in 614ms
2026-10-06 14:05:40,413 INFO  [http-nio-8080-exec-6] c.e.shop.CheckoutController - order 44768 placed in 561ms
2026-10-06 14:05:48,642 INFO  [http-nio-8080-exec-2] c.e.shop.CheckoutController - order 48712 placed in 263ms
2026-10-06 14:06:07,527 INFO  [http-nio-8080-exec-6] c.e.shop.CheckoutController - order 48058 placed in 358ms
2026-10-06 14:06:28,793 ERROR [http-nio-8080-exec-6] c.e.shop.InventoryClient - stock lookup for sku 914 failed: 503 Service Unavailable
2026-10-06 14:06:43,721 INFO  [http-nio-8080-exec-1] c.e.shop.CartController - cart 6954 updated (5 items)
2026-10-06 14:07:08,733 INFO  [http-nio-8080-exec-5] c.e.shop.CartController - cart 5339 updated (6 items)
2026-10-06 14:07:21,560 INFO  [http-nio-8080-exec-6] c.e.shop.CartController - cart 1189 updated (4 items)
2026-10-06 14:07:33,836 INFO  [http-nio-8080-exec-6] c.e.shop.CartController - cart 8584 updated (3 items)
2026-10-06 14:07:53,960 INFO  [http-nio-8080-exec-6] c.e.shop.CheckoutController - order 45662 placed in 835ms
2026-10-06 14:08:10,460 INFO  [http-nio-8080-exec-6] c.e.shop.CartController - cart 3825 updated (6 items)
2026-10-06 14:08:25,203 INFO  [http-nio-8080-exec-6] c.e.shop.CartController - cart 9672 updated (2 items)
2026-10-06 14:08:40,686 INFO  [http-nio-8080-exec-8] c.e.shop.CheckoutController - order 41291 placed in 816ms
2026-10-06 14:08:57,958 INFO  [http-nio-8080-exec-3] c.e.shop.CartController - cart 9461 updated (6 items)
2026-10-06 14:09:14,028 INFO  [http-nio-8080-exec-5] c.e.shop.CartController - cart 5435 updated (6 items)
2026-10-06 14:09:24,777 INFO  [http-nio-8080-exec-3] c.e.shop.CartController - cart 3961 updated (2 items)
2026-10-06 14:09:49,231 INFO  [http-nio-8080-exec-3] c.e.shop.CartController - cart 1685 updated (4 items)
2026-10-06 14:09:58,991 INFO  [http-nio-8080-exec-1] c.e.shop.CartController - cart 2815 updated (3 items)
2026-10-06 14:10:07,476 INFO  [http-nio-8080-exec-8] c.e.shop.CheckoutController - order 40584 placed in 505ms
2026-10-06 14:10:22,209 INFO  [http-nio-8080-exec-7] c.e.shop.CartController - cart 2179 updated (5 items)
2026-10-06 14:10:33,974 WARN  [HikariPool-1 housekeeper] c.z.hikari.pool.HikariPool - HikariPool-1 - Thread starvation or clock leap detected (housekeeper delta=70s)
2026-10-06 14:10:45,987 INFO  [http-nio-8080-exec-7] c.e.shop.CartController - cart 9966 updated (3 items)
2026-10-06 14:10:50,347 INFO  [http-nio-8080-exec-5] c.e.shop.CheckoutController - order 48932 placed in 604ms
2026-10-06 14:11:12,419 INFO  [http-nio-8080-exec-5] c.e.shop.CartController - cart 3116 updated (4 items)
2026-10-06 14:11:34,391 INFO  [http-nio-8080-exec-6] c.e.shop.CheckoutController - order 42568 placed in 690ms
2026-10-06 14:11:56,093 INFO  [http-nio-8080-exec-8] c.e.shop.CartController - cart 3178 updated (5 items)
2026-10-06 14:12:11,938 INFO  [http-nio-8080-exec-1] c.e.shop.CheckoutController - order 45341 placed in 659ms
2026-10-06 14:12:34,439 INFO  [http-nio-8080-exec-3] c.e.shop.CheckoutController - order 49245 placed in 464ms
2026-10-06 14:12:51,388 INFO  [http-nio-8080-exec-4] c.e.shop.CheckoutController - order 47857 placed in 805ms
2026-10-06 14:13:07,308 INFO  [http-nio-8080-exec-3] c.e.shop.CartController - cart 5256 updated (6 items)
2026-10-06 14:13:26,503 INFO  [http-nio-8080-exec-5] c.e.shop.CheckoutController - order 45228 placed in 394ms
2026-10-06 14:13:39,636 INFO  [http-nio-8080-exec-3] c.e.shop.CheckoutController - order 41996 placed in 755ms
2026-10-06 14:13:57,013 INFO  [http-nio-8080-exec-4] c.e.shop.CheckoutController - order 42235 placed in 481ms
2026-10-06 14:14:16,037 INFO  [http-nio-8080-exec-5] c.e.shop.CheckoutController - order 47770 placed in 880ms
2026-10-06 14:14:27,292 INFO  [http-nio-8080-exec-8] c.e.shop.CheckoutController - order 42535 placed in 818ms
2026-10-06 14:14:40,660 INFO  [http-nio-8080-exec-8] c.e.shop.CartController - cart 8776 updated (5 items)
2026-10-06 14:15:03,307 WARN  [HikariPool-1 housekeeper] c.z.hikari.pool.HikariPool - HikariPool-1 - Thread starvation or clock leap detected (housekeeper delta=53s)
2026-10-06 14:15:16,475 INFO  [http-nio-8080-exec-6] c.e.shop.CartController - cart 9681 updated (1 items)
2026-10-06 14:15:31,002 INFO  [http-nio-8080-exec-6] c.e.shop.CartController - cart 3170 updated (1 items)
2026-10-06 14:15:43,558 INFO  [http-nio-8080-exec-8] c.e.shop.CartController - cart 2762 updated (6 items)
2026-10-06 14:15:53,589 INFO  [http-nio-8080-exec-1] c.e.shop.CheckoutController - order 47007 placed in 689ms
2026-10-06 14:16:17,401 INFO  [http-nio-8080-exec-8] c.e.shop.CartController - cart 7315 updated (4 items)
2026-10-06 14:16:42,310 INFO  [http-nio-8080-exec-4] c.e.shop.CartController - cart 8619 updated (1 items)
2026-10-06 14:16:46,146 INFO  [http-nio-8080-exec-7] c.e.shop.CartController - cart 8740 updated (3 items)
2026-10-06 14:16:55,550 INFO  [http-nio-8080-exec-8] c.e.shop.CartController - cart 9154 updated (3 items)
2026-10-06 14:17:03,750 INFO  [http-nio-8080-exec-7] c.e.shop.CartController - cart 1795 updated (1 items)
2026-10-06 14:17:14,964 INFO  [http-nio-8080-exec-5] c.e.shop.CartController - cart 2030 updated (6 items)
2026-10-06 14:17:18,718 INFO  [http-nio-8080-exec-6] c.e.shop.CartController - cart 2125 updated (4 items)
2026-10-06 14:17:37,629 INFO  [http-nio-8080-exec-1] c.e.shop.CheckoutController - order 42004 placed in 304ms
2026-10-06 14:18:01,722 INFO  [http-nio-8080-exec-2] c.e.shop.CartController - cart 3205 updated (3 items)
2026-10-06 14:18:19,821 INFO  [http-nio-8080-exec-3] c.e.shop.CheckoutController - order 43035 placed in 503ms
2026-10-06 14:18:28,110 INFO  [http-nio-8080-exec-2] c.e.shop.CartController - cart 1713 updated (5 items)
2026-10-06 14:18:53,584 INFO  [http-nio-8080-exec-7] c.e.shop.CartController - cart 5585 updated (1 items)
2026-10-06 14:19:15,442 INFO  [http-nio-8080-exec-2] c.e.shop.CartController - cart 3200 updated (1 items)
2026-10-06 14:19:21,361 WARN  [http-nio-8080-exec-6] c.e.shop.PaymentClient - retrying payment for order 48019 (attempt 3)
2026-10-06 14:19:45,301 INFO  [http-nio-8080-exec-6] c.e.shop.CartController - cart 3264 updated (6 items)
2026-10-06 14:19:53,064 INFO  [http-nio-8080-exec-5] c.e.shop.CartController - cart 4614 updated (3 items)
2026-10-06 14:20:14,827 ERROR [http-nio-8080-exec-4] c.e.shop.PaymentClient - payment for order 44643 failed: timeout after 5000ms (provider=adyen)
2026-10-06 14:20:25,134 ERROR [http-nio-8080-exec-6] c.e.shop.PaymentClient - payment for order 46371 failed: timeout after 5000ms (provider=adyen)
2026-10-06 14:20:29,884 ERROR [http-nio-8080-exec-6] c.e.shop.PaymentClient - payment for order 40588 failed: timeout after 5000ms (provider=adyen)
2026-10-06 14:20:36,986 ERROR [http-nio-8080-exec-8] c.e.shop.PaymentClient - payment for order 47579 failed: timeout after 5003ms (provider=adyen)
2026-10-06 14:20:50,742 INFO  [http-nio-8080-exec-2] c.e.shop.CartController - cart 1482 updated (5 items)
2026-10-06 14:21:06,813 INFO  [http-nio-8080-exec-1] c.e.shop.CartController - cart 8034 updated (6 items)
2026-10-06 14:21:17,143 ERROR [http-nio-8080-exec-2] c.e.shop.PaymentClient - payment for order 48051 failed: timeout after 5000ms (provider=adyen)
2026-10-06 14:21:40,341 ERROR [http-nio-8080-exec-7] c.e.shop.PaymentClient - payment for order 43850 failed: timeout after 5001ms (provider=adyen)
2026-10-06 14:22:03,740 INFO  [http-nio-8080-exec-6] c.e.shop.CartController - cart 7195 updated (2 items)
2026-10-06 14:22:18,529 INFO  [http-nio-8080-exec-5] c.e.shop.CartController - cart 8100 updated (3 items)
2026-10-06 14:22:23,099 INFO  [http-nio-8080-exec-4] c.e.shop.CartController - cart 7480 updated (1 items)
2026-10-06 14:22:28,501 ERROR [http-nio-8080-exec-1] c.e.shop.PaymentClient - payment for order 43204 failed: timeout after 5000ms (provider=adyen)
2026-10-06 14:22:47,911 ERROR [http-nio-8080-exec-6] c.e.shop.PaymentClient - payment for order 47703 failed: timeout after 5001ms (provider=adyen)
2026-10-06 14:23:10,196 ERROR [http-nio-8080-exec-7] c.e.shop.PaymentClient - payment for order 47567 failed: timeout after 5000ms (provider=adyen)
2026-10-06 14:23:18,155 ERROR [http-nio-8080-exec-3] c.e.shop.PaymentClient - payment for order 46318 failed: timeout after 5003ms (provider=adyen)
2026-10-06 14:23:39,688 ERROR [http-nio-8080-exec-5] c.e.shop.PaymentClient - payment for order 42646 failed: timeout after 5001ms (provider=adyen)
2026-10-06 14:23:50,946 ERROR [http-nio-8080-exec-1] c.e.shop.PaymentClient - payment for order 40525 failed: timeout after 5001ms (provider=adyen)
2026-10-06 14:24:05,467 INFO  [http-nio-8080-exec-6] c.e.shop.CartController - cart 1356 updated (6 items)
2026-10-06 14:24:24,464 ERROR [http-nio-8080-exec-3] c.e.shop.PaymentClient - payment for order 45313 failed: timeout after 5001ms (provider=adyen)
2026-10-06 14:24:49,205 INFO  [http-nio-8080-exec-4] c.e.shop.CartController - cart 3674 updated (1 items)
2026-10-06 14:24:53,696 WARN  [http-nio-8080-exec-4] c.e.shop.PaymentClient - retrying payment for order 46571 (attempt 3)
2026-10-06 14:25:06,749 ERROR [http-nio-8080-exec-3] c.e.shop.PaymentClient - payment for order 44639 failed: timeout after 5000ms (provider=adyen)
2026-10-06 14:25:24,213 INFO  [http-nio-8080-exec-3] c.e.shop.CartController - cart 3877 updated (6 items)
2026-10-06 14:25:29,473 INFO  [http-nio-8080-exec-7] c.e.shop.CartController - cart 5435 updated (1 items)
2026-10-06 14:25:34,046 INFO  [http-nio-8080-exec-8] c.e.shop.CartController - cart 7720 updated (2 items)
2026-10-06 14:25:39,920 INFO  [http-nio-8080-exec-6] c.e.shop.CartController - cart 2166 updated (2 items)
2026-10-06 14:25:58,249 INFO  [http-nio-8080-exec-2] c.e.shop.CartController - cart 1880 updated (6 items)
2026-10-06 14:26:22,261 ERROR [http-nio-8080-exec-1] c.e.shop.PaymentClient - payment for order 40985 failed: timeout after 5000ms (provider=adyen)
2026-10-06 14:26:39,972 ERROR [http-nio-8080-exec-8] c.e.shop.PaymentClient - payment for order 40841 failed: timeout after 5000ms (provider=adyen)
2026-10-06 14:26:49,544 WARN  [http-nio-8080-exec-3] c.e.shop.PaymentClient - retrying payment for order 46592 (attempt 2)
2026-10-06 14:27:00,554 INFO  [http-nio-8080-exec-2] c.e.shop.CartController - cart 2769 updated (1 items)
2026-10-06 14:27:09,017 INFO  [http-nio-8080-exec-2] c.e.shop.CartController - cart 4512 updated (5 items)
2026-10-06 14:27:27,534 ERROR [http-nio-8080-exec-6] c.e.shop.PaymentClient - payment for order 49362 failed: timeout after 5003ms (provider=adyen)
2026-10-06 14:27:51,459 INFO  [http-nio-8080-exec-3] c.e.shop.CartController - cart 6039 updated (6 items)
2026-10-06 14:28:02,798 INFO  [http-nio-8080-exec-2] c.e.shop.CheckoutController - order 47917 placed in 169ms
2026-10-06 14:28:14,083 INFO  [http-nio-8080-exec-7] c.e.shop.CheckoutController - order 42126 placed in 629ms
2026-10-06 14:28:33,682 INFO  [http-nio-8080-exec-4] c.e.shop.CartController - cart 8023 updated (5 items)
2026-10-06 14:28:44,254 ERROR [http-nio-8080-exec-5] c.e.shop.InventoryClient - stock lookup for sku 817 failed: 503 Service Unavailable
2026-10-06 14:28:49,073 INFO  [http-nio-8080-exec-4] c.e.shop.CartController - cart 7123 updated (1 items)
2026-10-06 14:29:06,917 INFO  [http-nio-8080-exec-6] c.e.shop.CheckoutController - order 49110 placed in 80ms
2026-10-06 14:29:19,836 INFO  [http-nio-8080-exec-3] c.e.shop.CartController - cart 8244 updated (2 items)
2026-10-06 14:29:43,109 INFO  [http-nio-8080-exec-1] c.e.shop.CartController - cart 8005 updated (3 items)
2026-10-06 14:29:59,140 INFO  [http-nio-8080-exec-3] c.e.shop.CheckoutController - order 45020 placed in 253ms
2026-10-06 14:30:11,065 INFO  [http-nio-8080-exec-8] c.e.shop.CartController - cart 5677 updated (1 items)
2026-10-06 14:30:32,992 WARN  [HikariPool-1 housekeeper] c.z.hikari.pool.HikariPool - HikariPool-1 - Thread starvation or clock leap detected (housekeeper delta=48s)
2026-10-06 14:30:40,017 INFO  [http-nio-8080-exec-6] c.e.shop.CheckoutController - order 44229 placed in 706ms
2026-10-06 14:30:51,366 INFO  [http-nio-8080-exec-7] c.e.shop.CheckoutController - order 43296 placed in 418ms
2026-10-06 14:30:55,097 INFO  [http-nio-8080-exec-3] c.e.shop.CartController - cart 3673 updated (6 items)
2026-10-06 14:31:07,783 INFO  [http-nio-8080-exec-3] c.e.shop.CartController - cart 3359 updated (4 items)
2026-10-06 14:31:24,936 INFO  [http-nio-8080-exec-7] c.e.shop.CheckoutController - order 45194 placed in 536ms
2026-10-06 14:31:35,049 INFO  [http-nio-8080-exec-8] c.e.shop.CartController - cart 3810 updated (4 items)
2026-10-06 14:32:00,001 INFO  [http-nio-8080-exec-3] c.e.shop.CartController - cart 9051 updated (5 items)
2026-10-06 14:32:07,053 INFO  [http-nio-8080-exec-3] c.e.shop.CartController - cart 7872 updated (6 items)
2026-10-06 14:32:17,241 WARN  [HikariPool-1 housekeeper] c.z.hikari.pool.HikariPool - HikariPool-1 - Thread starvation or clock leap detected (housekeeper delta=81s)
2026-10-06 14:32:36,283 INFO  [http-nio-8080-exec-6] c.e.shop.CheckoutController - order 43532 placed in 286ms
2026-10-06 14:32:46,375 INFO  [http-nio-8080-exec-5] c.e.shop.CartController - cart 6848 updated (2 items)
2026-10-06 14:33:01,506 INFO  [http-nio-8080-exec-4] c.e.shop.CartController - cart 2016 updated (5 items)
2026-10-06 14:33:17,390 INFO  [http-nio-8080-exec-6] c.e.shop.CheckoutController - order 43904 placed in 581ms
2026-10-06 14:33:22,734 INFO  [http-nio-8080-exec-2] c.e.shop.CheckoutController - order 41617 placed in 851ms
2026-10-06 14:33:35,699 INFO  [http-nio-8080-exec-4] c.e.shop.CartController - cart 6309 updated (4 items)
2026-10-06 14:33:54,010 INFO  [http-nio-8080-exec-2] c.e.shop.CartController - cart 7167 updated (6 items)
2026-10-06 14:34:01,694 INFO  [http-nio-8080-exec-3] c.e.shop.CartController - cart 1364 updated (3 items)
2026-10-06 14:34:05,558 INFO  [http-nio-8080-exec-5] c.e.shop.CartController - cart 9211 updated (4 items)
2026-10-06 14:34:21,150 INFO  [http-nio-8080-exec-8] c.e.shop.CartController - cart 2001 updated (5 items)
2026-10-06 14:34:38,788 INFO  [http-nio-8080-exec-6] c.e.shop.CartController - cart 1330 updated (6 items)
2026-10-06 14:34:58,089 INFO  [http-nio-8080-exec-4] c.e.shop.CheckoutController - order 41273 placed in 107ms
2026-10-06 14:35:13,951 INFO  [http-nio-8080-exec-7] c.e.shop.CheckoutController - order 40236 placed in 361ms
2026-10-06 14:35:24,686 WARN  [HikariPool-1 housekeeper] c.z.hikari.pool.HikariPool - HikariPool-1 - Thread starvation or clock leap detected (housekeeper delta=50s)
2026-10-06 14:35:37,529 INFO  [http-nio-8080-exec-6] c.e.shop.CartController - cart 4420 updated (4 items)
2026-10-06 14:35:43,402 INFO  [http-nio-8080-exec-2] c.e.shop.CheckoutController - order 48912 placed in 513ms
2026-10-06 14:35:47,932 INFO  [http-nio-8080-exec-7] c.e.shop.CheckoutController - order 48656 placed in 292ms
2026-10-06 14:36:12,910 INFO  [http-nio-8080-exec-6] c.e.shop.CheckoutController - order 41784 placed in 785ms
2026-10-06 14:36:33,300 INFO  [http-nio-8080-exec-6] c.e.shop.CheckoutController - order 41639 placed in 297ms
2026-10-06 14:36:46,078 INFO  [http-nio-8080-exec-5] c.e.shop.CartController - cart 2276 updated (2 items)
2026-10-06 14:37:10,064 INFO  [http-nio-8080-exec-7] c.e.shop.CartController - cart 4680 updated (6 items)
2026-10-06 14:37:32,541 INFO  [http-nio-8080-exec-7] c.e.shop.CheckoutController - order 46969 placed in 574ms
2026-10-06 14:37:55,619 INFO  [http-nio-8080-exec-4] c.e.shop.CheckoutController - order 44599 placed in 166ms
2026-10-06 14:38:09,302 INFO  [http-nio-8080-exec-3] c.e.shop.CheckoutController - order 42444 placed in 198ms
2026-10-06 14:38:31,104 INFO  [http-nio-8080-exec-3] c.e.shop.CheckoutController - order 45342 placed in 688ms
2026-10-06 14:38:55,141 INFO  [http-nio-8080-exec-6] c.e.shop.CartController - cart 2005 updated (4 items)
2026-10-06 14:39:15,393 INFO  [http-nio-8080-exec-2] c.e.shop.CheckoutController - order 47667 placed in 740ms
2026-10-06 14:39:26,688 INFO  [http-nio-8080-exec-8] c.e.shop.CartController - cart 1025 updated (2 items)
2026-10-06 14:39:35,630 INFO  [http-nio-8080-exec-2] c.e.shop.CheckoutController - order 42489 placed in 456ms
2026-10-06 14:39:42,915 INFO  [http-nio-8080-exec-8] c.e.shop.CartController - cart 3998 updated (6 items)
2026-10-06 14:40:03,211 INFO  [http-nio-8080-exec-2] c.e.shop.CheckoutController - order 41056 placed in 280ms
